step 1: loss=17.0635
step 2: loss=16.9381
step 3: loss=15.9052
step 4: loss=12.2865
step 5: loss=17.2116
step 6: loss=10.5048
step 7: loss=18.0381
step 8: loss=13.0798
step 9: loss=18.6540
step 10: loss=11.2034
step 10: eval mean accuracy=0.0013
step 11: loss=13.1145
step 12: loss=15.3891
step 13: loss=10.0252
step 14: loss=11.1574
step 15: loss=11.0818
step 16: loss=10.8626
step 17: loss=17.5170
step 18: loss=17.5587
step 19: loss=12.1750
step 20: loss=10.8075
step 20: eval mean accuracy=0.0000
=== loss history ===
1 17.06352424621582
2 16.938074111938477
3 15.905189514160156
4 12.286494255065918
5 17.21162223815918
6 10.504828453063965
7 18.038095474243164
8 13.07981014251709
9 18.65398406982422
10 11.20343017578125
11 13.114542007446289
12 15.389144897460938
13 10.025233268737793
14 11.157407760620117
15 11.081769943237305
16 10.86263656616211
17 17.51700210571289
18 17.55870819091797
19 12.17502498626709
20 10.807538986206055
=== eval grids ===
step 10: mean_accuracy=0.0013
{(1, 0): 0.0, (1, 3): 0.0, (1, 9): 0.0, (1, 21): 0.0, (1, 45): 0.0, (2, 0): 0.0, (2, 3): 0.03125, (2, 9): 0.0, (2, 21): 0.0, (2, 45): 0.0, (3, 0): 0.0, (3, 3): 0.0, (3, 9): 0.0, (3, 21): 0.0, (3, 45): 0.0, (4, 0): 0.0, (4, 3): 0.0, (4, 9): 0.0, (4, 21): 0.0, (4, 45): 0.0, (5, 0): 0.0, (5, 3): 0.0, (5, 9): 0.0, (5, 21): 0.0, (5, 45): 0.0}
step 20: mean_accuracy=0.0000
{(1, 0): 0.0, (1, 3): 0.0, (1, 9): 0.0, (1, 21): 0.0, (1, 45): 0.0, (2, 0): 0.0, (2, 3): 0.0, (2, 9): 0.0, (2, 21): 0.0, (2, 45): 0.0, (3, 0): 0.0, (3, 3): 0.0, (3, 9): 0.0, (3, 21): 0.0, (3, 45): 0.0, (4, 0): 0.0, (4, 3): 0.0, (4, 9): 0.0, (4, 21): 0.0, (4, 45): 0.0, (5, 0): 0.0, (5, 3): 0.0, (5, 9): 0.0, (5, 21): 0.0, (5, 45): 0.0}
