hybrid schedule (ADR 0011): full-attention at [3, 7, 11], KDA elsewhere
step 1: loss=17.0403
step 2: loss=16.8681
step 3: loss=14.6134
step 4: loss=14.3308
step 5: loss=17.0880
step 6: loss=12.8693
step 7: loss=17.7104
step 8: loss=14.5811
step 9: loss=17.4272
step 10: loss=11.8932
step 10: eval mean accuracy=0.0000
step 11: loss=12.6255
step 12: loss=14.5674
step 13: loss=10.2572
step 14: loss=11.0694
step 15: loss=11.0132
step 16: loss=10.7665
step 17: loss=16.5960
step 18: loss=16.7811
step 19: loss=11.9774
step 20: loss=10.7211
step 20: eval mean accuracy=0.0000
=== loss history ===
1 17.040348052978516
2 16.868135452270508
3 14.613448143005371
4 14.330755233764648
5 17.087989807128906
6 12.869314193725586
7 17.710365295410156
8 14.581074714660645
9 17.427213668823242
10 11.893170356750488
11 12.625476837158203
12 14.567400932312012
13 10.257166862487793
14 11.069395065307617
15 11.013179779052734
16 10.76645565032959
17 16.596031188964844
18 16.78112030029297
19 11.977448463439941
20 10.721097946166992
=== eval grids ===
step 10: mean_accuracy=0.0000
{(1, 0): 0.0, (1, 3): 0.0, (1, 9): 0.0, (1, 21): 0.0, (1, 45): 0.0, (2, 0): 0.0, (2, 3): 0.0, (2, 9): 0.0, (2, 21): 0.0, (2, 45): 0.0, (3, 0): 0.0, (3, 3): 0.0, (3, 9): 0.0, (3, 21): 0.0, (3, 45): 0.0, (4, 0): 0.0, (4, 3): 0.0, (4, 9): 0.0, (4, 21): 0.0, (4, 45): 0.0, (5, 0): 0.0, (5, 3): 0.0, (5, 9): 0.0, (5, 21): 0.0, (5, 45): 0.0}
step 20: mean_accuracy=0.0000
{(1, 0): 0.0, (1, 3): 0.0, (1, 9): 0.0, (1, 21): 0.0, (1, 45): 0.0, (2, 0): 0.0, (2, 3): 0.0, (2, 9): 0.0, (2, 21): 0.0, (2, 45): 0.0, (3, 0): 0.0, (3, 3): 0.0, (3, 9): 0.0, (3, 21): 0.0, (3, 45): 0.0, (4, 0): 0.0, (4, 3): 0.0, (4, 9): 0.0, (4, 21): 0.0, (4, 45): 0.0, (5, 0): 0.0, (5, 3): 0.0, (5, 9): 0.0, (5, 21): 0.0, (5, 45): 0.0}
