variant=kda checkpoint=step_20000 step=20000

=== control ===
hop \ dist               0               3               9              21              45
------------------------------------------------------------------------------------------
        1     1.000/1.000     1.000/1.000     1.000/1.000     1.000/1.000     1.000/1.000 
        2     1.000/1.000     1.000/1.000     1.000/1.000     1.000/1.000     1.000/1.000 
        3     1.000/1.000     1.000/1.000     1.000/1.000     1.000/1.000     1.000/1.000 
        4     1.000/1.000     1.000/1.000     1.000/1.000     1.000/1.000     1.000/1.000 
        5     1.000/1.000     1.000/1.000     1.000/1.000     1.000/1.000     1.000/1.000 
  cells show  model_accuracy/positional_rule_accuracy
  model mean over scoring cells (distance>=3): 1.0000
  model by hop_count (distance>=3): 1:1.000  2:1.000  3:1.000  4:1.000  5:1.000
  rule  by hop_count (distance>=3): 1:1.000  2:1.000  3:1.000  4:1.000  5:1.000

=== shuffle ===
hop \ dist               0               3               9              21              45
------------------------------------------------------------------------------------------
        1     1.000/1.000     1.000/1.000     1.000/1.000     1.000/1.000     1.000/1.000 
        2     0.465/0.465     0.535/0.535     0.492/0.492     0.543/0.543     0.490/0.490 
        3     0.338/0.318     0.311/0.311     0.352/0.348     0.307/0.311     0.348/0.348 
        4     0.279/0.279     0.264/0.264     0.244/0.244     0.225/0.225     0.246/0.246 
        5     0.188/0.184     0.213/0.213     0.189/0.188     0.166/0.164     0.193/0.193 
  cells show  model_accuracy/positional_rule_accuracy
  model mean over scoring cells (distance>=3): 0.4559
  model by hop_count (distance>=3): 1:1.000  2:0.515  3:0.329  4:0.245  5:0.190
  rule  by hop_count (distance>=3): 1:1.000  2:0.515  3:0.329  4:0.245  5:0.189

=== jitter_end ===
hop \ dist               0               3               9              21              45
------------------------------------------------------------------------------------------
        1     1.000/1.000     1.000/1.000     1.000/0.084     1.000/0.049     0.996/0.027 
        2     1.000/1.000     1.000/0.721     0.998/0.104     1.000/0.035     1.000/0.021 
        3     1.000/1.000     1.000/0.631     1.000/0.094     0.998/0.037     0.998/0.029 
        4     1.000/1.000     0.992/0.547     1.000/0.092     1.000/0.045     1.000/0.029 
        5     1.000/1.000     0.688/0.469     0.971/0.109     0.982/0.039     0.998/0.023 
  cells show  model_accuracy/positional_rule_accuracy
  model mean over scoring cells (distance>=3): 0.9811
  model by hop_count (distance>=3): 1:0.999  2:1.000  3:0.999  4:0.998  5:0.910
  rule  by hop_count (distance>=3): 1:0.290  2:0.220  3:0.198  4:0.178  5:0.160

=== jitter_all ===
hop \ dist               0               3               9              21              45
------------------------------------------------------------------------------------------
        1     1.000/1.000     1.000/1.000     0.244/0.053     0.195/0.031     0.219/0.008 
        2     1.000/1.000     0.596/0.312     0.381/0.074     0.338/0.029     0.398/0.008 
        3     1.000/1.000     0.363/0.252     0.234/0.066     0.287/0.018     0.367/0.016 
        4     1.000/1.000     0.582/0.197     0.354/0.055     0.342/0.016     0.322/0.004 
        5     1.000/1.000     0.439/0.180     0.332/0.051     0.381/0.021     0.320/0.008 
  cells show  model_accuracy/positional_rule_accuracy
  model mean over scoring cells (distance>=3): 0.3848
  model by hop_count (distance>=3): 1:0.415  2:0.428  3:0.313  4:0.400  5:0.368
  rule  by hop_count (distance>=3): 1:0.273  2:0.106  3:0.088  4:0.068  5:0.065

=== query_ablate ===
hop \ dist               0               3               9              21              45
------------------------------------------------------------------------------------------
        1     1.000/1.000     1.000/1.000     1.000/1.000     1.000/1.000     1.000/1.000 
        2     1.000/1.000     1.000/1.000     1.000/1.000     1.000/1.000     1.000/1.000 
        3     1.000/1.000     1.000/1.000     1.000/1.000     1.000/1.000     1.000/1.000 
        4     1.000/1.000     1.000/1.000     1.000/1.000     1.000/1.000     1.000/1.000 
        5     1.000/1.000     1.000/1.000     1.000/1.000     1.000/1.000     1.000/1.000 
  cells show  model_accuracy/positional_rule_accuracy
  model mean over scoring cells (distance>=3): 1.0000
  model by hop_count (distance>=3): 1:1.000  2:1.000  3:1.000  4:1.000  5:1.000
  rule  by hop_count (distance>=3): 1:1.000  2:1.000  3:1.000  4:1.000  5:1.000

