variant=baseline checkpoint=step_20000 step=20000

=== control ===
hop \ dist               0               3               9              21              45
------------------------------------------------------------------------------------------
        1     1.000/1.000     1.000/1.000     1.000/1.000     1.000/1.000     1.000/1.000 
        2     1.000/1.000     1.000/1.000     1.000/1.000     1.000/1.000     1.000/1.000 
        3     1.000/1.000     1.000/1.000     1.000/1.000     1.000/1.000     1.000/1.000 
        4     1.000/1.000     1.000/1.000     1.000/1.000     1.000/1.000     1.000/1.000 
        5     1.000/1.000     1.000/1.000     1.000/1.000     1.000/1.000     1.000/1.000 
  cells show  model_accuracy/positional_rule_accuracy
  model mean over scoring cells (distance>=3): 1.0000
  model by hop_count (distance>=3): 1:1.000  2:1.000  3:1.000  4:1.000  5:1.000
  rule  by hop_count (distance>=3): 1:1.000  2:1.000  3:1.000  4:1.000  5:1.000

=== shuffle ===
hop \ dist               0               3               9              21              45
------------------------------------------------------------------------------------------
        1     1.000/1.000     1.000/1.000     1.000/1.000     1.000/1.000     1.000/1.000 
        2     0.465/0.465     0.574/0.535     0.492/0.492     0.543/0.543     0.490/0.490 
        3     0.334/0.318     0.293/0.311     0.352/0.348     0.311/0.311     0.348/0.348 
        4     0.279/0.279     0.273/0.264     0.244/0.244     0.225/0.225     0.246/0.246 
        5     0.178/0.184     0.207/0.213     0.188/0.188     0.164/0.164     0.193/0.193 
  cells show  model_accuracy/positional_rule_accuracy
  model mean over scoring cells (distance>=3): 0.4571
  model by hop_count (distance>=3): 1:1.000  2:0.525  3:0.326  4:0.247  5:0.188
  rule  by hop_count (distance>=3): 1:1.000  2:0.515  3:0.329  4:0.245  5:0.189

=== jitter_end ===
hop \ dist               0               3               9              21              45
------------------------------------------------------------------------------------------
        1     1.000/1.000     1.000/1.000     0.895/0.084     0.240/0.049     0.199/0.027 
        2     1.000/1.000     1.000/0.721     0.984/0.104     0.145/0.035     0.275/0.021 
        3     1.000/1.000     1.000/0.631     0.904/0.094     0.129/0.037     0.162/0.029 
        4     1.000/1.000     1.000/0.547     0.904/0.092     0.162/0.045     0.150/0.029 
        5     1.000/1.000     1.000/0.469     0.914/0.109     0.162/0.039     0.129/0.023 
  cells show  model_accuracy/positional_rule_accuracy
  model mean over scoring cells (distance>=3): 0.5678
  model by hop_count (distance>=3): 1:0.583  2:0.601  3:0.549  4:0.554  5:0.551
  rule  by hop_count (distance>=3): 1:0.290  2:0.220  3:0.198  4:0.178  5:0.160

=== jitter_all ===
hop \ dist               0               3               9              21              45
------------------------------------------------------------------------------------------
        1     1.000/1.000     1.000/1.000     0.215/0.053     0.109/0.031     0.082/0.008 
        2     1.000/1.000     0.453/0.312     0.096/0.074     0.100/0.029     0.064/0.008 
        3     1.000/1.000     0.215/0.252     0.037/0.066     0.057/0.018     0.068/0.016 
        4     1.000/1.000     0.213/0.197     0.043/0.055     0.061/0.016     0.033/0.004 
        5     1.000/1.000     0.105/0.180     0.049/0.051     0.066/0.021     0.027/0.008 
  cells show  model_accuracy/positional_rule_accuracy
  model mean over scoring cells (distance>=3): 0.1547
  model by hop_count (distance>=3): 1:0.352  2:0.178  3:0.094  4:0.087  5:0.062
  rule  by hop_count (distance>=3): 1:0.273  2:0.106  3:0.088  4:0.068  5:0.065

=== query_ablate ===
hop \ dist               0               3               9              21              45
------------------------------------------------------------------------------------------
        1     1.000/1.000     1.000/1.000     1.000/1.000     0.998/1.000     1.000/1.000 
        2     1.000/1.000     1.000/1.000     1.000/1.000     1.000/1.000     1.000/1.000 
        3     1.000/1.000     1.000/1.000     1.000/1.000     1.000/1.000     1.000/1.000 
        4     1.000/1.000     1.000/1.000     1.000/1.000     1.000/1.000     1.000/1.000 
        5     1.000/1.000     1.000/1.000     1.000/1.000     1.000/1.000     1.000/1.000 
  cells show  model_accuracy/positional_rule_accuracy
  model mean over scoring cells (distance>=3): 0.9999
  model by hop_count (distance>=3): 1:1.000  2:1.000  3:1.000  4:1.000  5:1.000
  rule  by hop_count (distance>=3): 1:1.000  2:1.000  3:1.000  4:1.000  5:1.000

